Loading file: BroadTests/e.tm
1110
1110
-222
-888
-888
Bye.
