Loading file: BroadTests/exp3.tm
1
2
20000210
200004100021010
400008200042020
T
Bye.
