Loading file: BroadTests/main2.tm
666 T
entered: 666
entered: T
Bye.
