Loading file: BroadTests/poker.tm
0
1
2
3
4
5
6
7
8
9
10
11
12
13
14
15
16
17
18
19
20
21
22
23
0 4
1 8
2 120
3 720
4 12
5 3060
6 3840
7 8640
8 23040
9 3060
Bye.
