WARNING(1): The variable 'g' seems not to be used.
WARNING(1): The variable 'h' seems not to be used.
Loading file: BroadTests/pushpopcall.tm
1000 1777 222111 1000 2000 1000 555
Bye.
