WARNING(1): The parameter 'garion' seems not to be used.
Loading file: BroadTests/tiny.tm
42
Bye.
