Loading file: BroadTests/var2.tm
8 837 444 555
444
333
222
837
555
Bye.
