WARNING(15): Variable 'y' may be uninitialized when used here.
Loading file: BroadTests/vararray.tm
11
111 111
111 12
222 222
222 13
333 333
333
Bye.
