WARNING(1): The parameter 'y' seems not to be used.
Loading file: BroadTests/array1.tm
777
Bye.
