Loading file: BroadTests/assign3.tm
111 222
333 444
333
777
222 0
444 0
222
444
Bye.
