Loading file: BroadTests/varnovoid.tm
666 667
666 667
668 669
670 671
668 669
670 671
666 669
Bye.
