Number of warnings: 0
Number of errors: 0
------------------------------------
Loading file: UnitTests/c07.tm
T
Bye.
