Number of warnings: 0
Number of errors: 0
------------------------------------
Loading file: UnitTests/c0a.tm
1197 -753
Bye.
