Number of warnings: 0
Number of errors: 0
------------------------------------
Loading file: UnitTests/f04.tm
42
Bye.
