WARNING(2): The variable 'z' seems not to be used.
Number of warnings: 1
Number of errors: 0
------------------------------------
Loading file: UnitTests/g04.tm
29152
Bye.
