Number of warnings: 0
Number of errors: 0
------------------------------------
Loading file: UnitTests/i07.tm
T T T
Bye.
