Number of warnings: 0
Number of errors: 0
------------------------------------
Loading file: UnitTests/k03.tm
0 0
0 1
0 2
1 0
1 1
1 2
2 0
2 1
2 2
Bye.
