Number of warnings: 0
Number of errors: 0
------------------------------------
Loading file: UnitTests/mod.tm
0 0 1 2 0
0 10
0
0 0 2 2 0
0 1
21 21 10 10
Bye.
