WARNING(8): The variable 'load' seems not to be used.
Number of warnings: 1
Number of errors: 0
------------------------------------
Loading file: UnitTests/s015.tm
777 666
Bye.
