Number of warnings: 0
Number of errors: 0
------------------------------------
Loading file: UnitTests/t02.tm
3628800
Bye.
