Number of warnings: 0
Number of errors: 0
------------------------------------
Loading file: UnitTests/a05.tm
273
Bye.
