Number of warnings: 0
Number of errors: 0
------------------------------------
Loading file: UnitTests/a09.tm
X
Y
Bye.
