Number of warnings: 0
Number of errors: 0
------------------------------------
Loading file: UnitTests/b04.tm
3
Bye.
