Number of warnings: 0
Number of errors: 0
------------------------------------
Loading file: UnitTests/c01.tm
284
Bye.
