Number of warnings: 0
Number of errors: 0
------------------------------------
Loading file: UnitTests/c0c.tm
444
Bye.
