Number of warnings: 0
Number of errors: 0
------------------------------------
Loading file: UnitTests/c0f.tm
1024
1024
1023
1023
Bye.
