Number of warnings: 0
Number of errors: 0
------------------------------------
Loading file: UnitTests/c17.tm
777 -333
Bye.
