Number of warnings: 0
Number of errors: 0
------------------------------------
Loading file: UnitTests/d05.tm
T T T T T
T F F F F
T T T F F
Bye.
