Number of warnings: 0
Number of errors: 0
------------------------------------
Loading file: UnitTests/e01.tm
13 23
55
987
13 451
514 55
987 1614
Bye.
