Number of warnings: 0
Number of errors: 0
------------------------------------
Loading file: UnitTests/f0a.tm
17298
Bye.
