Number of warnings: 0
Number of errors: 0
------------------------------------
Loading file: UnitTests/g00.tm
637
Bye.
