Number of warnings: 0
Number of errors: 0
------------------------------------
Loading file: UnitTests/i01.tm
111
Bye.
