Number of warnings: 0
Number of errors: 0
------------------------------------
Loading file: UnitTests/s025.tm
7000 669 7000
Bye.
