Number of warnings: 0
Number of errors: 0
------------------------------------
Loading file: UnitTests/v01.tm
acid zulu
zulu acid
Bye.
