Number of warnings: 0
Number of errors: 0
------------------------------------
Loading file: UnitTests/v04.tm
ar
armadillo
ba
batadillo
ho
horseillo
Bye.
